# Phase 0 — gemma4:26b qualification smoke

Run date: 2026-05-16
Command: MICROVERSE_DATA=data/smoke-phase-0-26b
         MICROVERSE_HARVEST=harvest/smoke-phase-0-26b
         uv run python -m microverse.run --ticks 60 --tempo 0 --seed 38
Wall time: ~5 min (60 ticks).

Gate results (per ADR 0004 Decision 5):

(a) JSON validity:
    json_ok = 60, json_repaired = 0, json_fallback_rest = 0
    meta_leak_block = 0, thinking_leak = 0, llm_timeout = 0
    -> every call returned valid Action JSON.

(b) Per-tick latency p95 < 60s:
    p50 = 4.81s, p95 = 5.91s, max = 27.89s
    (inter-event delta across all Aki+Cy events in episodic.sqlite)
    -> well under the 60s gate.

(c) Trader rank() returns a JSON array:
    16 manifest entries written. Distinct score values 0.20, 0.30,
    0.40, 0.50, 0.60, 0.65, 0.70, 0.75, 0.80, 0.85, 0.888..., 0.90
    -> real ranking variance, no collapse to 0.0 (the failure mode
      flagged in trader.py:51-52 against gemma4:e4b regressions).
    Accepted: 5, rejected: 11 (p70 cutoff applied normally).

(d) Action-share fingerprint sanity (vs gemma4:e4b 60-tick baseline):
    Aki: contribute 15 / craft 13 / study 5 / rest 2 / speak 1 = 42% top
    Cy:  contribute 22 / study 1 / speak 1 (small sample, 24 actions)
    workshop_view_self_redactions = 183 (Path-3 invariant firing)
    engagement_gate_fired/coerced = 1 per agent (gate working)
    watchdog_runaway = 2 on Cy (small-sample noise, not pathological)
    -> no immediate divergence from e4b's mixed-action behavior; no
      craft monoculture observed under the larger model.

Verdict: gemma4:26b PASSES qualification. v0.3 Phase 5 will swap to
this model.

MODEL constant in src/microverse/config.py was temporarily set to
"gemma4:26b" for this smoke and reverted to "gemma4:e4b" immediately
after - Phase 5 makes the real swap once Soak A is complete.

Data preserved at:
  data/smoke-phase-0-26b/
  harvest/smoke-phase-0-26b/manifest.jsonl
